{
  "query": "color",
  "expected_result_keys": []
}