{
  "search_term": "mobile",
  "similarity_threshold": 97.0,
  "total": 0,
  "expected_result_keys": []
}