{
  "tags": [
    "family",
    "daughter"
  ],
  "total": 1,
  "expected_result_keys": []
}